Schedule
KENNEDY,T
    13809     CS330 OBJECT ORIENT PROGRAM/DESIGN      3         HOURS ARR    
    13810     CS330 OBJECT ORIENT PROGRAM/DESIGN      3         HOURS ARR    
    13811     CS330 OBJECT ORIENT PROGRAM/DESIGN      3         HOURS ARR    
    16388     CS330 OBJECT ORIENT PROGRAM/DESIGN      3      TR 1100-1215PM  
    16791     CS330 OBJECT ORIENT PROGRAM/DESIGN      3         HOURS ARR    
    20654     CS330 OBJECT ORIENT PROGRAM/DESIGN      3         HOURS ARR    
    20655     CS330 OBJECT ORIENT PROGRAM/DESIGN      3         HOURS ARR    
    20656     CS330 OBJECT ORIENT PROGRAM/DESIGN      3         HOURS ARR    
    15478     CS410 PROFESSIONAL WORKFORCE DEV I      3         HOURS ARR    
    15479     CS410 PROFESSIONAL WORKFORCE DEV I      3         HOURS ARR    
    15480     CS410 PROFESSIONAL WORKFORCE DEV I      3         HOURS ARR    
    15481     CS410 PROFESSION WORKFORCE DEV I REC    0       W 1100-1250PM  
    15482     CS410 PROFESSION WORKFORCE DEV I REC    0       W 1100-1250PM  
    15483     CS410 PROFESSION WORKFORCE DEV I REC    0       W 1100-1250PM  
    15484     CS410 PROFESSION WORKFORCE DEV I REC    0       W 1100-1250PM  
    16826     CS410 PROFESSIONAL WORKFORCE DEV I      3         HOURS ARR    
    16835     CS410 PROFESSION WORKFORCE DEV I REC    0       W 1100-1250PM  
    19559     CS417 COMPUTATIONAL METH & SOFTWARE     3      TR  100- 215PM  
    19560     CS417 COMPUTATIONAL METH & SOFTWARE     3      TR  100- 215PM  
    19561     CS417 COMPUTATIONAL METH & SOFTWARE     3      TR  100- 215PM  
    19908     CS417 COMPUTATIONAL METH & SOFTWARE     3      TR  100- 215PM  
    19562     CS517 COMPUTATIONAL METH & SOFTWARE     3      TR  100- 215PM  
    19563     CS517 COMPUTATIONAL METH & SOFTWARE     3      TR  100- 215PM  
    19564     CS517 COMPUTATIONAL METH & SOFTWARE     3      TR  100- 215PM  
    19909     CS517 COMPUTATIONAL METH & SOFTWARE     3      TR  100- 215PM  
  25 sections
ZEIL,S
    13785     CS252 INTRO TO UNIX FOR PROGRAMMERS     1         HOURS ARR    
    13786     CS252 INTRO TO UNIX FOR PROGRAMMERS     1         HOURS ARR    
    13787     CS252 INTRO TO UNIX FOR PROGRAMMERS     1         HOURS ARR    
    16781     CS252 INTRO TO UNIX FOR PROGRAMMERS     1         HOURS ARR    
    14084     CS350 INTRO TO SOFTWARE ENGINEERING     3     MWF  200- 250PM  
    17931     CS350 INTR TO SOFTWARE ENGINEER REC     0       T  710- 910PM  
    17932     CS350 INTRO TO SOFTWARE ENGINEERING     0       T  300- 500PM  
    23586     CS350 INTRO TO SOFTWARE ENGINEERING     3     MWF  200- 250PM  
    23587     CS350 INTR TO SOFTWARE ENGINEER REC     0       T  710- 910PM  
    23588     CS350 INTRO TO SOFTWARE ENGINEERING     0       T  300- 500PM  
    13867     CS382 INTRODUCTION TO JAVA              1         HOURS ARR    
    13869     CS382 INTRODUCTION TO JAVA              1         HOURS ARR    
    13871     CS382 INTRODUCTION TO JAVA              1         HOURS ARR    
    16822     CS382 INTRODUCTION TO JAVA              1         HOURS ARR    
    12758     CS690 COLLOQUIUM                        1       F 1030-1150AM  
    17438     CS690 COLLOQUIUM                        1         HOURS ARR    
    17439     CS690 COLLOQUIUM                        1         HOURS ARR    
    17440     CS690 COLLOQUIUM                        1         HOURS ARR    
    17441     CS690 COLLOQUIUM                        1         HOURS ARR    
    21722     CS795 TPCS:DEVOPS,CONTAINERS & CLOUD    3      MW 1100-1215PM  
    21723     CS895 TPCS:DEVOPS,CONTAINERS & CLOUD    3      MW 1100-1215PM  
  21 sections
