2014-04-15 &pg; Roughing It Twain, Mark, 1835-1910 Roughing It by Mark Twain en
Authors, American -- Homes and haunts -- West (U.S.) Twain, Mark, 1835-1910 --
Travel -- West (U.S.) West (U.S.) -- Intellectual life -- 19th century West
(U.S.) -- Description and travel PS E660 2004-07-03 3926 &pg; Queen Victoria,
her girlhood and womanhood Greenwood, Grace, 1823-1904 Queen Victoria, her
girlhood and womanhood en Victoria, Queen of Great Britain, 1819-1901 DA
2004-09-01 23 &pg; A History of the Early Part of the Reign of James the
Second Fox, Charles James, 1749-1806 Morley, Henry, 1822-1894 [Editor] A
History of the Early Part of the Reign of James en Great Britain -- History --
James II, 1685-1688 DA 2003-07-01 17 &pg; A History of the Four Georges,
Volume I McCarthy, Justin, 1830-1912 A History of the Four Georges, Volume I
en Great Britain -- Politics and government -- 1714-1837 Great Britain --
History -- 1714-1837 DA 2007-11-13 3
