Schedule
EL MESALAMI,A
    16477     CS250 PROBLEM SOLVING & PROGRMNG II     4         HOURS ARR    
    21512     CS250 PROBLEM SOLVING & PROGRMNG II     4         HOURS ARR    
    13863     CS381 INTRO TO DISCRETE STRUCTURES      3         HOURS ARR    
    15813     CS471 OPERATING SYSTEMS                 3         HOURS ARR    
  4 sections
KENNEDY,T
    13809     CS330 OBJECT ORIENT PROGRAM/DESIGN      3         HOURS ARR    
    20654     CS330 OBJECT ORIENT PROGRAM/DESIGN      3         HOURS ARR    
    15478     CS410 PROFESSIONAL WORKFORCE DEV I      3         HOURS ARR    
    19559     CS417 COMPUTATIONAL METH & SOFTWARE     3      TR  100- 215PM  
  4 sections
ZEIL,S
    13785     CS252 INTRO TO UNIX FOR PROGRAMMERS     1         HOURS ARR    
    14084     CS350 INTRO TO SOFTWARE ENGINEERING     3     MWF  200- 250PM  
    13867     CS382 INTRODUCTION TO JAVA              1         HOURS ARR    
    21722     CS795 TPCS:DEVOPS,CONTAINERS & CLOUD    3      MW 1100-1215PM  
  4 sections
