Schedule
BRUNELLE,J
    10240     CS367 COOPERATIVE EDUCATION             3         HOURS ARR    
    15596     CS367 COOPERATIVE EDUCATION             3         HOURS ARR    
    10241     CS368 COMPUTER SCIENCE INTERNSHIP       3         HOURS ARR    
    15597     CS368 COMPUTER SCIENCE INTERNSHIP       3         HOURS ARR    
    22773     CS368 COMPUTER SCIENCE INTERNSHIP       3         HOURS ARR    
    22774     CS368 COMPUTER SCIENCE INTERNSHIP       3         HOURS ARR    
    13566     CS410 PROFESSIONAL WORKFORCE DEV I      3         HOURS ARR    
    13567     CS410 PROFESSIONAL WORKFORCE DEV I      3         HOURS ARR    
    13568     CS410 PROFESSIONAL WORKFORCE DEV I      3         HOURS ARR    
    13569     CS410 PROFESSION WORKFORCE DEV I REC    0       R  100- 250PM  
    13570     CS410 PROFESSION WORKFORCE DEV I REC    0       R  100- 250PM  
    13571     CS410 PROFESSION WORKFORCE DEV I REC    0       R  100- 250PM  
    13572     CS410 PROFESSION WORKFORCE DEV I REC    0       R  100- 250PM  
    14973     CS410 PROFESSION WORKFORCE DEV I REC    0       R  100- 250PM  
    14974     CS410 PROFESSION WORKFORCE DEV I REC    0       R  100- 250PM  
    14975     CS410 PROFESSION WORKFORCE DEV I REC    0       R  100- 250PM  
    16824     CS410 PROFESSIONAL WORKFORCE DEV I      3         HOURS ARR    
    16825     CS410 PROFESSION WORKFORCE DEV I REC    0       R  100- 250PM  
    13547    CS411W PROFESSIONAL WORKFORCE DEV II     3         HOURS ARR    
    13548    CS411W PROFESSIONAL WORKFORCE DEV II     3         HOURS ARR    
    13549    CS411W PROFESSIONAL WORKFORCE DEV II     3         HOURS ARR    
    13550    CS411W PROFESSIO WORKFORCE DEV II REC    0       M 1100-1150AM  
    13551    CS411W PROFESSIO WORKFORCE DEV II REC    0       M 1100-1150AM  
    13552    CS411W PROFESSIO WORKFORCE DEV II REC    0       M 1100-1150AM  
    13553    CS411W PROFESSIO WORKFORCE DEV II REC    0       M 1100-1150AM  
    13554    CS411W PROFESSIO WORKFORCE DEV II REC    0       M 1200-1250PM  
    13555    CS411W PROFESSIO WORKFORCE DEV II REC    0       M 1200-1250PM  
    13556    CS411W PROFESSIO WORKFORCE DEV II REC    0       M 1200-1250PM  
    13557    CS411W PROFESSIO WORKFORCE DEV II REC    0       M 1200-1250PM  
    14970    CS411W PROFESSIO WORKFORCE DEV II REC    0       M 1100-1150AM  
    14971    CS411W PROFESSIO WORKFORCE DEV II REC    0       M 1100-1150AM  
    14972    CS411W PROFESSIO WORKFORCE DEV II REC    0       M 1100-1150AM  
    14976    CS411W PROFESSIO WORKFORCE DEV II REC    0       M 1200-1250PM  
    14977    CS411W PROFESSIO WORKFORCE DEV II REC    0       M 1200-1250PM  
    14978    CS411W PROFESSIO WORKFORCE DEV II REC    0       M 1200-1250PM  
    14979    CS411W PROFESSIO WORKFORCE DEV II REC    0       T 1100-1150AM  
    14980    CS411W PROFESSIO WORKFORCE DEV II REC    0       T 1100-1150AM  
    14981    CS411W PROFESSIO WORKFORCE DEV II REC    0       T 1100-1150AM  
    16497    CS411W PROFESSIONAL WORKFORCE DEV II     3         HOURS ARR    
    16498    CS411W PROFESSIONAL WORKFORCE DEV II     3         HOURS ARR    
    16499    CS411W PROFESSIONAL WORKFORCE DEV II     3         HOURS ARR    
    16500    CS411W PROFESSIO WORKFORCE DEV II REC    0       T 1000-1050AM  
    16501    CS411W PROFESSIO WORKFORCE DEV II REC    0       T 1000-1050AM  
    16502    CS411W PROFESSIO WORKFORCE DEV II REC    0       T 1000-1050AM  
    16503    CS411W PROFESSIO WORKFORCE DEV II REC    0       T 1000-1050AM  
    16504    CS411W PROFESSIO WORKFORCE DEV II REC    0       T 1000-1050AM  
    16505    CS411W PROFESSIO WORKFORCE DEV II REC    0       T 1000-1050AM  
    16506    CS411W PROFESSIO WORKFORCE DEV II REC    0       T 1000-1050AM  
    16507    CS411W PROFESSIO WORKFORCE DEV II REC    0       R 1000-1050AM  
    16508    CS411W PROFESSIO WORKFORCE DEV II REC    0       R 1000-1050AM  
    16509    CS411W PROFESSIO WORKFORCE DEV II REC    0       R 1000-1050AM  
    16510    CS411W PROFESSIO WORKFORCE DEV II REC    0       R 1000-1050AM  
    16511    CS411W PROFESSIO WORKFORCE DEV II REC    0       R 1000-1050AM  
    16512    CS411W PROFESSIO WORKFORCE DEV II REC    0       R 1000-1050AM  
    16513    CS411W PROFESSIO WORKFORCE DEV II REC    0       R 1000-1050AM  
    16749    CS411W PROFESSIONAL WORKFORCE DEV II     3         HOURS ARR    
    16750    CS411W PROFESSIO WORKFORCE DEV II REC    0       M 1100-1150AM  
    16753    CS411W PROFESSIO WORKFORCE DEV II REC    0       M 1200-1250PM  
    16755    CS411W PROFESSIONAL WORKFORCE DEV II     3         HOURS ARR    
    16759    CS411W PROFESSIO WORKFORCE DEV II REC    0      TR 1000-1050AM  
    16760    CS411W PROFESSIO WORKFORCE DEV II REC    0       R 1000-1050AM  
    17131    CS411W PROFESSIO WORKFORCE DEV II REC    0       T 1100-1150AM  
    17132    CS411W PROFESSIO WORKFORCE DEV II REC    0       T 1100-1150AM  
    17133    CS411W PROFESSIO WORKFORCE DEV II REC    0       T 1100-1150AM  
    17134    CS411W PROFESSIO WORKFORCE DEV II REC    0       T 1100-1150AM  
    17135    CS411W PROFESSIO WORKFORCE DEV II REC    0       T 1100-1150AM  
    15589     CS497 INDEPENDENT STUDY                 3         HOURS ARR    
    18988     CS497 INDEPENDENT STUDY                 3         HOURS ARR    
  68 sections
CHERNIKOV,A
    17670    CS300T COMPUTERS IN SOCIETY              3         HOURS ARR    
    17671    CS300T COMPUTERS IN SOCIETY              3         HOURS ARR    
    17672    CS300T COMPUTERS IN SOCIETY              3         HOURS ARR    
    11917     CS355 PRINCIP-PROGRAMMING LANGUAGES     3     MWF 1200-1250PM  
    17933     CS500 FOUNDATIONS OF COMPUTING          3      MW  300- 415PM  
    23752     CS500 FOUNDATIONS OF COMPUTING          3      MW  300- 415PM  
    18959     CS698 MASTER'S PROJECT                  3         HOURS ARR    
    17939     CS791 GRADUATE SEMINAR                  3         HOURS ARR    
    10229     CS891 GRADUATE SEMINAR                  3         HOURS ARR    
    10235     CS899 DOCTORAL DISSERTATION             6         HOURS ARR    
    18757     CS899 DOCTORAL DISSERTATION             1         HOURS ARR    
    20769     CS899 DOCTORAL DISSERTATION             3         HOURS ARR    
  12 sections
CHRISOCHOID,N
    18873     CS497 INDEPENDENT STUDY                 3         HOURS ARR    
    15604     CS697 INDEPENDENT STUDY IN C S          3         HOURS ARR    
    15605     CS699 THESIS RESEARCH                   3         HOURS ARR    
    17945     CS791 GRADUATE SEMINAR                  3         HOURS ARR    
    17946     CS891 GRADUATE SEMINAR                  3         HOURS ARR    
    10236     CS899 DOCTORAL DISSERTATION             6         HOURS ARR    
    13043     CS899 DOCTORAL DISSERTATION             1         HOURS ARR    
    17409     CS899 DOCTORAL DISSERTATION             3         HOURS ARR    
  8 sections
DECKER,L
    17929     CS170 INTRO COMPUTER ARCHITECTURE I     3      MW  545- 700PM  
    23730     CS170 INTRO COMPUTER ARCHITECTURE I     3      MW  545- 700PM  
    13798    CS300T COMPUTERS IN SOCIETY              3         HOURS ARR    
    16743    CS300T COMPUTERS IN SOCIETY              3         HOURS ARR    
    24857    CS300T COMPUTERS IN SOCIETY              3         HOURS ARR    
  5 sections
EL MESALAMI,A
    10246     CS250 PROBLEM SOLVNG & PRGMNG II LAB    0       R  420- 650PM  
    10247     CS250 PROBLEM SOLVNG & PRGMNG II LAB    0       T  130- 400PM  
    11398     CS250 PROB SOLVING & PROGRMNG II REC    0       M  440- 530PM  
    11399     CS250 PROB SOLVING & PROGRMNG II REC    0       M  545- 635PM  
    12023     CS250 PROBLEM SOLVNG & PRGMNG II LAB    0       T  420- 650PM  
    12231     CS250 PROB SOLVING & PROGRMNG II REC    0       M 1200-1250PM  
    12232     CS250 PROBLEM SOLVNG & PRGMNG II LAB    0       R  130- 410PM  
    16477     CS250 PROBLEM SOLVING & PROGRMNG II     4         HOURS ARR    
    16478     CS250 PROBLEM SOLVING & PROGRMNG II     4         HOURS ARR    
    16479     CS250 PROBLEM SOLVING & PROGRMNG II     4         HOURS ARR    
    16480     CS250 PROBLEM SOLVING & PRGMG II LAB    0       M  710- 950PM  
    16481     CS250 PROBLEM SOLVING & PRGMG II LAB    0       M  710- 950PM  
    16482     CS250 PROBLEM SOLVING & PRGMG II REC    0       F  710- 800PM  
    16483     CS250 PROBLEM SOLVING & PRGMG II REC    0       F  710- 800PM  
    16779     CS250 PROBLEM SOLVING & PROGRMNG II     4         HOURS ARR    
    17852     CS250 PROBLEM SOLVING & PRGMG II LAB    0       M  710- 950PM  
    17853     CS250 PROBLEM SOLVING & PRGMG II LAB    0       M  710- 950PM  
    17854     CS250 PROBLEM SOLVING & PRGMG II REC    0       F  710- 800PM  
    17855     CS250 PROBLEM SOLVING & PRGMG II REC    0       F  710- 800PM  
    17856     CS250 PROBLEM SOLVING & PRGMG II REC    0       R  610- 700PM  
    17857     CS250 PROBLEM SOLVING & PRGMG II REC    0       R  610- 700PM  
    17858     CS250 PROBLEM SOLVING & PRGMG II REC    0       R  610- 700PM  
    17859     CS250 PROBLEM SOLVING & PRGMG II REC    0       R  610- 700PM  
    21512     CS250 PROBLEM SOLVING & PROGRMNG II     4         HOURS ARR    
    21514     CS250 PROBLEM SOLVING & PROGRMNG II     4         HOURS ARR    
    21515     CS250 PROBLEM SOLVING & PROGRMNG II     4         HOURS ARR    
    21519     CS250 PROBLEM SOLVING & PROGRMNG II     4         HOURS ARR    
    21520     CS250 PROB SOL & PROG II LAB            0       R  710- 950PM  
    21531     CS250 PROB SOL & PROGR II LAB           0       R  710- 950PM  
    21532     CS250 PROBLEM SOLVING & PRGMG II LAB    0       R  710- 950PM  
    21533     CS250 PROB SOL & PROG II LAB            0       R  710- 950PM  
    21534     CS250 PROBLEM SOLVING & PRGMG II REC    0       W  710- 800PM  
    21535     CS250 PROBLEM SOLVING & PRGMG II REC    0       W  710- 800PM  
    21536     CS250 PROBLEM SOLVING & PRGMG II REC    0       W  710- 800PM  
    21537     CS250 PROBLEM SOLVING & PRGMG II REC    0       W  710- 800PM  
    21538     CS250 PROB SOL & PROG II LAB            0       F  200- 430PM  
    21539     CS250 PROB SOL & PROG II LAB            0       F  200- 430PM  
    21540     CS250 PROBLEM SOLVING & PRGMG II LAB    0       F  200- 430PM  
    21541     CS250 PROB SOL & PROG II LAB            0       F  200- 430PM  
    23734     CS250 PROBLEM SOLVNG & PRGMNG II LAB    0       T  130- 410PM  
    23735     CS250 PROB SOLVING & PROGRMNG II REC    0       M  545- 635PM  
    23736     CS250 PROBLEM SOLVNG & PRGMNG II LAB    0       T  420- 650PM  
    23737     CS250 PROB SOLVING & PROGRMNG II REC    0       M 1200-1250PM  
    23738     CS250 PROBLEM SOLVNG & PRGMNG II LAB    0       R  130- 410PM  
    24385     CS250 PROBLEM SOLVNG & PRGMNG II LAB    0       R  420- 650PM  
    24386     CS250 PROB SOLVING & PROGRMNG II REC    0       M  440- 530PM  
    24812     CS250 PROBLEM SOLVNG & PRGMNG II LAB    0       T  420- 650PM  
    24813     CS250 PROBLEM SOLVNG & PRGMNG II LAB    0       T  420- 650PM  
    13863     CS381 INTRO TO DISCRETE STRUCTURES      3         HOURS ARR    
    13864     CS381 INTRO TO DISCRETE STRUCTURES      3         HOURS ARR    
    13866     CS381 INTRO TO DISCRETE STRUCTURES      3         HOURS ARR    
    16820     CS381 INTRO TO DISCRETE STRUCTURES      3         HOURS ARR    
    15813     CS471 OPERATING SYSTEMS                 3         HOURS ARR    
    15814     CS471 OPERATING SYSTEMS                 3         HOURS ARR    
    15815     CS471 OPERATING SYSTEMS                 3         HOURS ARR    
    15816     CS471 OPERATING SYSTEMS                 3         HOURS ARR    
    24551     CS471 OPERATING SYSTEMS                 3         HOURS ARR    
    24552     CS471 OPERATING SYSTEMS                 3         HOURS ARR    
    24553     CS471 OPERATING SYSTEMS                 3         HOURS ARR    
  59 sections
GANJIGUNTE ,V
    20104     CS795 TPCS: NATURAL LANG PROCESSING     3      TR  300- 415PM  
    23650     CS795 TPCS: NATURAL LANG PROCESSING     3      TR  300- 415PM  
    20105     CS895 TPCS:NATURAL LANG PROCESSING      3      TR  300- 415PM  
    23653     CS895 TPCS:NATURAL LANG PROCESSING      3      TR  300- 415PM  
  4 sections
GUPTA,A
    13751    CS121G INTRO INFO LIT & RSCH SCI (E)     3         HOURS ARR    
    13752    CS121G INTRO INFO LIT & RSCH SCI (E)     3         HOURS ARR    
    13753    CS121G INTRO INFO LIT & RSCH SCI (E)     3         HOURS ARR    
    13754    CS121G INTRO INFO LIT & RSCH REC (E)     0       T  545- 635PM  
    13755    CS121G INTRO INFO LIT & RSCH REC (E)     0       T  545- 635PM  
    13756    CS121G INTRO INFO LIT & RSCH REC (E)     0       T  545- 635PM  
    13757    CS121G INTRO INFO LIT & RSCH REC (E)     0       R  545- 635PM  
    13758    CS121G INTRO INFO LIT & RSCH REC (E)     0       R  545- 635PM  
    13759    CS121G INTRO INFO LIT & RSCH REC (E)     0       R  545- 635PM  
    16740    CS121G INTRO INFO LIT & RSCH SCI (E)     3         HOURS ARR    
    16741    CS121G INTRO INFO LIT & RSCH REC (E)     0       T  545- 635PM  
    16742    CS121G INTRO INFO LIT & RSCH REC (E)     0       R  545- 635PM  
    20111     CS410 PROFESSIONAL WORKFORCE DEV I      3         HOURS ARR    
    20112     CS410 PROFESSIONAL WORKFORCE DEV I      3         HOURS ARR    
    20113     CS410 PROFESSIONAL WORKFORCE DEV I      3         HOURS ARR    
    20114     CS410 PROFESSIONAL WORKFORCE DEV I      0       R  800- 950AM  
    20115     CS410 PROFESSIONAL WORKFORCE DEV I      0       R  800- 950AM  
    20116     CS410 PROFESSIONAL WORKFORCE DEV I      0       R  800- 950AM  
    20117     CS410 PROFESSIONAL WORKFORCE DEV I      0       R  800- 950AM  
  19 sections
GUPTA,R
    11594    CS120G INTRO INFORMATION LIT RECITATI    0       W 1100-1150AM  
    13585    CS120G INTRO INFO LITERACY & RSCH (A)    3         HOURS ARR    
    13586    CS120G INTRO INFO LITERACY & RSCH (A)    3         HOURS ARR    
    13587    CS120G INTRO INFO LITERACY & RSCH (A)    3         HOURS ARR    
    13588    CS120G INTRO INFO LIT & RSCH REC (A)     0       T  545- 635PM  
    13591    CS120G INTRO INFO LIT & RSCH REC (A)     0       T  545- 635PM  
    13592    CS120G INTRO INFO LIT & RSCH REC (A)     0       T  545- 635PM  
    13593    CS120G INTRO INFO LIT & RSCH REC (A)     0       R  545- 635PM  
    13594    CS120G INTRO INFO LIT & RSCH REC (A)     0       R  545- 635PM  
    13595    CS120G INTRO INFO LIT & RSCH REC (A)     0       R  545- 635PM  
    16847    CS120G INTRO INFO LIT & RSCH REC (A)     0       R  545- 635PM  
    18919    CS120G INTRO INFO LIT & RSCH REC (C)     0       F  900- 950AM  
    23609    CS120G INTRO INFO LITERACY & RESEARCH    0       W 1100-1150AM  
    11596    CS121G INTRO INFO LIT & RSCH FOR SCI     3      MW  710- 825PM  
    11612    CS121G INTRO INFO LIT-SCI RECITATION     0       W  900- 950AM  
    11613    CS121G INTRO INFO LIT-SCI RECITATION     0       W 1000-1050AM  
    11791    CS121G INTRO INFO LIT & RSCH FOR SCI     3      MW  545- 700PM  
    11792    CS121G INTRO INFO LIT-SCI RECITATION     0       T  930-1020AM  
    11793    CS121G INTRO INFO LIT-SCI RECITATION     0       M  900- 950AM  
    11915    CS121G INTRO INFO LIT-SCI RECITATION     0       M 1100-1150AM  
    12230    CS121G INTRO INFO LIT-SCI RECITATION     0       F  545- 635PM  
    13609    CS121G INTRO INFO LIT & RSCH SCI (C)     3         HOURS ARR    
    13610    CS121G INTRO INFO LIT & RSCH SCI (C)     3         HOURS ARR    
    13611    CS121G INTRO INFO LIT & RSCH SCI (C)     3         HOURS ARR    
    13612    CS121G INTRO INFO LIT & RSCH REC (C)     0       T  810- 900PM  
    13613    CS121G INTRO INFO LIT & RSCH REC (C)     0       T  810- 900PM  
    13614    CS121G INTRO INFO LIT & RSCH REC (C)     0       T  810- 900PM  
    13615    CS121G INTRO INFO LIT & RSCH REC (C)     0       R  810- 900PM  
    13616    CS121G INTRO INFO LIT & RSCH REC (C)     0       R  810- 900PM  
    13617    CS121G INTRO INFO LIT & RSCH REC (C)     0       R  810- 900PM  
    16851    CS121G INTRO INFO LIT & RSCH SCI (C)     3         HOURS ARR    
    16852    CS121G INTRO INFO LIT & RSCH REC (C)     0       T  810- 900PM  
    16853    CS121G INTRO INFO LIT & RSCH REC (C)     0       R  810- 900PM  
    23619    CS121G INTRO INFO LIT & RSCH FOR SCI     3      MW  710- 825PM  
    23621    CS121G INTRO INFO LIT-SCI RECITATION     0       W  900- 950AM  
    23622    CS121G INTRO INFO LIT-SCI RECITATION     0       W 1000-1050AM  
    23624    CS121G INTRO INFO LIT-SCI RECITATION     0       T  930-1020AM  
    23625    CS121G INTRO INFO LIT-SCI RECITATION     0       M  900- 950AM  
    23626    CS121G INTRO INFO LIT-SCI RECITATION     0       M 1100-1150AM  
    23627    CS121G INTRO INFO LIT-SCI RECITATION     0       F  545- 635PM  
    13788    CS300T COMPUTERS IN SOCIETY              3         HOURS ARR    
    13789    CS300T COMPUTERS IN SOCIETY              3         HOURS ARR    
    13790    CS300T COMPUTERS IN SOCIETY              3         HOURS ARR    
    13794    CS300T COMPUTERS IN SOCIETY              3         HOURS ARR    
    13796    CS300T COMPUTERS IN SOCIETY              3         HOURS ARR    
    13797    CS300T COMPUTERS IN SOCIETY              3         HOURS ARR    
    16745    CS300T COMPUTERS IN SOCIETY              3         HOURS ARR    
  47 sections
HE,J
    10243     CS381 INTRO TO DISCRETE STRUCTURES      3       W  300- 415PM  
    22022     CS381 INTRO TO DISCRETE STRUCTURES      3         HOURS ARR    
    22023     CS381 INTRO TO DISCRETE STRUCTURES      3         HOURS ARR    
    22024     CS381 INTRO TO DISCRETE STRUCTURES      3         HOURS ARR    
    22025     CS381 INTRO TO DISCRETE STRUCTURES      3         HOURS ARR    
    20704     CS497 INDEPENDENT STUDY                 3         HOURS ARR    
    18946     CS697 INDEPENDENT STUDY IN C S          3         HOURS ARR    
    18716     CS699 THESIS RESEARCH                   3         HOURS ARR    
    16514     CS723 INTRODUCTION BIOINFORMATICS       3         HOURS ARR    
    16515     CS723 INTRODUCTION BIOINFORMATICS       3         HOURS ARR    
    16516     CS723 INTRODUCTION BIOINFORMATICS       3         HOURS ARR    
    18435     CS723 INTRODUCTION BIOINFORMATICS       3         HOURS ARR    
    15925     CS791 GRAD SEM: IN MOLECULAR IMAGES     3         HOURS ARR    
    16517     CS823 INTRODUCTION BIOINFORMATICS       3         HOURS ARR    
    16518     CS823 INTRODUCTION BIOINFORMATICS       3         HOURS ARR    
    16519     CS823 INTRODUCTION BIOINFORMATICS       3         HOURS ARR    
    15926     CS891 GRAD SEM: IN MOLECULAR IMAGES     3         HOURS ARR    
    10231     CS899 DOCTORAL DISSERTATION             3         HOURS ARR    
    17756     CS899 DOCTORAL DISSERTATION             1         HOURS ARR    
    18947     CS899 DOCTORAL DISSERTATION             6         HOURS ARR    
    20768     CS899 DOCTORAL DISSERTATION             6         HOURS ARR    
  21 sections
IBRAHIM,S
    10253     CS150 PROBLEM SOLVING & PRGMNG I        4      TR  300- 415PM  
    10255     CS150 PROBLEM SOLVING & PRGMNG I LAB    0       T  710- 950PM  
    10256     CS150 PROBLEM SOLVING & PRGMNG I LAB    0       W  900-1130AM  
    10257     CS150 PROBLEM SOLVING & PRGMNG I LAB    0       W 1200- 230PM  
    10258     CS150 PROBLEM SOLVING & PRGMNG I LAB    0       W  300- 530PM  
    10259     CS150 PROBLEM SOLVING & PRGMNG I LAB    0       T  710- 940PM  
    10260     CS150 PROBLEM SOLVING & PRGMNG I LAB    0       R  930-1200PM  
    11351     CS150 PROBLEM SOLVING & PRGMNG I LAB    0       T  710- 940PM  
    11390     CS150 PROBLEM SOLVING & PRGMNG I REC    0       M 1000-1050AM  
    11391     CS150 PROBLEM SOLVING & PRGMNG I REC    0       M 1100-1150AM  
    11392     CS150 PROBLEM SOLVING & PRGMNG I REC    0       M  100- 150PM  
    11393     CS150 PROBLEM SOLVING & PRGMNG I REC    0       W  810- 900PM  
    11394     CS150 PROBLEM SOLVING & PRGMNG I REC    0       T  930-1020AM  
    11395     CS150 PROBLEM SOLVING & PRGMNG I REC    0       T 1100-1150AM  
    11396     CS150 PROBLEM SOLVING & PRGMNG I REC    0       W  810- 900PM  
    11397     CS150 PROBLEM SOLVING & PRGMNG I REC    0       F 1230- 120PM  
    12052     CS150 PROBLEM SOLVING & PRGMNG I LAB    0       F  130- 400PM  
    13184     CS150 PROBLEM SOLVING & PRGMNG I LAB    0       R  800-1030AM  
    19317     CS150 PROBLEM SOLVING & PRGMNG I        4         HOURS ARR    
    19318     CS150 PROBLEM SOLVING & PRGMNG I        4         HOURS ARR    
    19319     CS150 PROBLEM SOLVING & PRGMNG I        4         HOURS ARR    
    19320     CS150 PROBLEM SOLVING & PRGMNG I        4         HOURS ARR    
    19322     CS150 PROBLEM SOLVING & PRGMNG I LAB    0       W  420- 700PM  
    19324     CS150 PROBLEM SOLVING & PRGMNG I LAB    0       W  420- 700PM  
    19325     CS150 PROBLEM SOLVING & PRGMNG I LAB    0       W  420- 700PM  
    19326     CS150 PROBLEM SOLVING & PRGMNG I LAB    0       W  420- 700PM  
    19327     CS150 PROBLEM SOLVING & PRGMNG I REC    0       W  710- 800PM  
    19329     CS150 PROBLEM SOLVING & PRGMNG I REC    0       W  710- 800PM  
    19330     CS150 PROBLEM SOLVING & PRGMNG I REC    0       W  710- 800PM  
    19331     CS150 PROBLEM SOLVING & PRGMNG I REC    0       W  710- 800PM  
    21487     CS150 PROBLEM SOLVING & PRGMNG I        4         HOURS ARR    
    21488     CS150 PROBLEM SOLVING & PRGMNG I        4         HOURS ARR    
    21489     CS150 PROBLEM SOLVING & PRGMNG I        4         HOURS ARR    
    21490     CS150 PROBLEM SOLVING & PRGMNG I        4         HOURS ARR    
    21491     CS150 PROBLEM SOLVING & PRGMNG I LAB    0       M  210- 440PM  
    21492     CS150 PROBLEM SOLVING & PRGMNG I LAB    0       M  210- 440PM  
    21493     CS150 PROBLEM SOLVING & PRGMNG I LAB    0       M  210- 440PM  
    21496     CS150 PROBLEM SOLVING & PRGMNG I LAB    0         HOURS ARR    
    21501     CS150 PROBLEM SOLVING & PRGMNG I REC    0       M 1100-1150AM  
    21502     CS150 PROBLEM SOLVING & PRGMNG I        0       M 1100-1150AM  
    21503     CS150 PROBLEM SOLVING & PRGMNG I        0       M 1100-1150AM  
    21506     CS150 PROBLEM SOLVING & PRGMNG I        0       M 1100-1150AM  
    22422     CS150 PROBLEM SOLVING & PRGMNG I LAB    0       M  710- 950PM  
    22423     CS150 PROBLEM SOLVING & PRGMNG I LAB    0       M  710- 950PM  
    22424     CS150 PROBLEM SOLVING & PRGMNG I LAB    0       M  710- 950PM  
    22425     CS150 PROBLEM SOLVING & PRGMNG I REC    0       T  610- 700PM  
    22426     CS150 PROBLEM SOLVING & PRGMNG I REC    0       T  610- 700PM  
    22427     CS150 PROBLEM SOLVING & PRGMNG I REC    0       T  610- 700PM  
    23628     CS150 PROBLEM SOLVING & PRGMNG I        4      TR  300- 415PM  
    23636     CS150 PROBLEM SOLVING & PRGMNG I LAB    0       T  710- 950PM  
    23637     CS150 PROBLEM SOLVING & PRGMNG I LAB    0       W  900-1130AM  
    23639     CS150 PROBLEM SOLVING & PRGMNG I LAB    0       W 1200- 230PM  
    23641     CS150 PROBLEM SOLVING & PRGMNG I LAB    0       W  300- 530PM  
    23642     CS150 PROBLEM SOLVING & PRGMNG I LAB    0       R  930-1200PM  
    23644     CS150 PROBLEM SOLVING & PRGMNG I REC    0       M 1000-1050AM  
    23645     CS150 PROBLEM SOLVING & PRGMNG I REC    0       M 1100-1150AM  
    23646     CS150 PROBLEM SOLVING & PRGMNG I REC    0       M  100- 150PM  
    23657     CS150 PROBLEM SOLVING & PRGMNG I REC    0       T  930-1020AM  
    23720     CS150 PROBLEM SOLVING & PRGMNG I REC    0       T 1100-1150AM  
    23721     CS150 PROBLEM SOLVING & PRGMNG I REC    0       F 1230- 120PM  
    23722     CS150 PROBLEM SOLVING & PRGMNG I LAB    0       F  130- 400PM  
    23729     CS150 PROBLEM SOLVING & PRGMNG I LAB    0       R  800-1030AM  
    24823     CS150 PROBLEM SOLVING & PRGMNG I        4      TR  300- 415PM  
    24824     CS150 PROBLEM SOLVING & PRGMNG I        0       M  900- 950AM  
    24826     CS150 PROBLEM SOLVING & PRGMNG I        0       M  900- 950AM  
    24828     CS150 PROBLEM SOLVING & PRGMNG I LAB    0       T  710- 950PM  
    24829     CS150 PROBLEM SOLVING & PRGMNG I LAB    0       W  900-1130AM  
    24830     CS150 PROBLEM SOLVING & PRGMNG I LAB    0       W 1200- 230PM  
    24831     CS150 PROBLEM SOLVING & PRGMNG I LAB    0       W  300- 530PM  
    24832     CS150 PROBLEM SOLVING & PRGMNG I LAB    0       R  930-1200PM  
    24833     CS150 PROBLEM SOLVING & PRGMNG I LAB    0       F  130- 400PM  
    24834     CS150 PROBLEM SOLVING & PRGMNG I LAB    0       R  800-1030AM  
    24835     CS150 PROBLEM SOLVING & PRGMNG I REC    0       M 1000-1050AM  
    24836     CS150 PROBLEM SOLVING & PRGMNG I REC    0       M 1100-1150AM  
    24837     CS150 PROBLEM SOLVING & PRGMNG I REC    0       T  930-1020AM  
    24838     CS150 PROBLEM SOLVING & PRGMNG I REC    0       T 1100-1150AM  
    24839     CS150 PROBLEM SOLVING & PRGMNG I REC    0       F 1230- 120PM  
    24852     CS150 PROBLEM SOLVING & PRGMNG I        4      TR  300- 415PM  
    10381     CS455 INTRO-NETWORKS & COMMUNICATION    3      TR 1100-1215PM  
    23599     CS455 INTRO-NETWORKS & COMMUNICATION    3      TR 1100-1215PM  
    10382     CS555 INTRO-NETWORKS & COMMUNICATION    3      TR 1100-1215PM  
    20770     CS697 INDEPENDENT STUDY IN C S          3         HOURS ARR    
  82 sections
JAYARATHNA,U
    16484     CS450 DATABASE CONCEPTS                 3         HOURS ARR    
    16485     CS450 DATABASE CONCEPTS                 3         HOURS ARR    
    16486     CS450 DATABASE CONCEPTS                 3         HOURS ARR    
    16838     CS450 DATABASE CONCEPTS                 3         HOURS ARR    
    16487     CS550 DATABASE CONCEPTS                 3         HOURS ARR    
    16488     CS550 DATABASE CONCEPTS                 3         HOURS ARR    
    16489     CS550 DATABASE CONCEPTS                 3         HOURS ARR    
    19924     CS620 INTRO-DATA SCIENCE & ANALYTICS    3       T  420- 700PM  
    21549     CS620 INTRO-DATA SCIENCE & ANALYTICS    3         HOURS ARR    
    21550     CS620 INTRO-DATA SCIENCE & ANALYTICS    3         HOURS ARR    
    21551     CS620 INTRO-DATA SCIENCE & ANALYTICS    3         HOURS ARR    
    21552     CS620 INTRO-DATA SCIENCE & ANALYTICS    3         HOURS ARR    
    18885     CS697 INDEPENDENT STUDY IN C S          3         HOURS ARR    
    20092     CS899 DOCTORAL DISSERTATION             3         HOURS ARR    
  14 sections
KENNEDY,T
    13809     CS330 OBJECT ORIENT PROGRAM/DESIGN      3         HOURS ARR    
    13810     CS330 OBJECT ORIENT PROGRAM/DESIGN      3         HOURS ARR    
    13811     CS330 OBJECT ORIENT PROGRAM/DESIGN      3         HOURS ARR    
    16388     CS330 OBJECT ORIENT PROGRAM/DESIGN      3      TR 1100-1215PM  
    16791     CS330 OBJECT ORIENT PROGRAM/DESIGN      3         HOURS ARR    
    20654     CS330 OBJECT ORIENT PROGRAM/DESIGN      3         HOURS ARR    
    20655     CS330 OBJECT ORIENT PROGRAM/DESIGN      3         HOURS ARR    
    20656     CS330 OBJECT ORIENT PROGRAM/DESIGN      3         HOURS ARR    
    15478     CS410 PROFESSIONAL WORKFORCE DEV I      3         HOURS ARR    
    15479     CS410 PROFESSIONAL WORKFORCE DEV I      3         HOURS ARR    
    15480     CS410 PROFESSIONAL WORKFORCE DEV I      3         HOURS ARR    
    15481     CS410 PROFESSION WORKFORCE DEV I REC    0       W 1100-1250PM  
    15482     CS410 PROFESSION WORKFORCE DEV I REC    0       W 1100-1250PM  
    15483     CS410 PROFESSION WORKFORCE DEV I REC    0       W 1100-1250PM  
    15484     CS410 PROFESSION WORKFORCE DEV I REC    0       W 1100-1250PM  
    16826     CS410 PROFESSIONAL WORKFORCE DEV I      3         HOURS ARR    
    16835     CS410 PROFESSION WORKFORCE DEV I REC    0       W 1100-1250PM  
    19559     CS417 COMPUTATIONAL METH & SOFTWARE     3      TR  100- 215PM  
    19560     CS417 COMPUTATIONAL METH & SOFTWARE     3      TR  100- 215PM  
    19561     CS417 COMPUTATIONAL METH & SOFTWARE     3      TR  100- 215PM  
    19908     CS417 COMPUTATIONAL METH & SOFTWARE     3      TR  100- 215PM  
    19562     CS517 COMPUTATIONAL METH & SOFTWARE     3      TR  100- 215PM  
    19563     CS517 COMPUTATIONAL METH & SOFTWARE     3      TR  100- 215PM  
    19564     CS517 COMPUTATIONAL METH & SOFTWARE     3      TR  100- 215PM  
    19909     CS517 COMPUTATIONAL METH & SOFTWARE     3      TR  100- 215PM  
  25 sections
LI,Y
    14083     CS170 INTRO COMPUTER ARCHITECTURE I     3      MW  300- 415PM  
    12528     CS480 INTRO-ARTIFICIAL INTELLIGENCE     3      TR  300- 415PM  
    12529     CS580 INTRO-ARTICIFICAL INTELLIGENCE    3      TR  300- 415PM  
    23600     CS580 INTRO-ARTICIFICAL INTELLIGENCE    3      TR  300- 415PM  
    20726     CS697 INDEPENDENT STUDY IN C S          3         HOURS ARR    
    18888     CS698 MASTER'S PROJECT                  3         HOURS ARR    
    16078     CS791 SEM:ADV AI PROTEIN STRUC MODEL    3         HOURS ARR    
    17284     CS796 TPC:ADV ARTIFICIAL INTELLIGENC    3         HOURS ARR    
    16079     CS891 SEM:ADV AI PROTEIN STRUC MODEL    3         HOURS ARR    
    17285     CS896 TPC:ADV ARTIFICIAL INTELLIGENC    3         HOURS ARR    
    11820     CS899 DOCTORAL DISSERTATION             6         HOURS ARR    
    18691     CS899 DOCTORAL DISSERTATION             1         HOURS ARR    
    18984     CS899 DOCTORAL DISSERTATION             3         HOURS ARR    
    25012     CS998 MASTER'S GRADUATE CREDIT          1         HOURS ARR    
    11232     CS999 COMPUTER SCIENCE GRAD AUDIT       1         HOURS ARR    
  15 sections
MALY,K
    18812     CS697 INDEPENDENT STUDY IN C S          3         HOURS ARR    
    20705     CS791 GRADUATE SEMINAR                  3         HOURS ARR    
  2 sections
MORRIS,J
    12626     CS250 PROBLEM SOLVING & PROGRMNG II     4       S  930-1200PM  
    12627     CS250 PROBLEM SOLVNG & PRGMNG II LAB    0       S  100- 330PM  
    12628     CS250 PROB SOLVING & PROGRMNG II REC    0       S  345- 435PM  
    23740     CS250 PROBLEM SOLVNG & PRGMNG II LAB    0       S  100- 330PM  
    23741     CS250 PROB SOLVING & PROGRMNG II REC    0       S  345- 435PM  
    15803     CS350 INTRO TO SOFTWARE ENGINEERING     3         HOURS ARR    
    15804     CS350 INTRO TO SOFTWARE ENGINEERING     3         HOURS ARR    
    15805     CS350 INTRO TO SOFTWARE ENGINEERING     3         HOURS ARR    
    15806     CS350 INTR TO SOFTWARE ENGINEER REC     0       W  300- 500PM  
    15807     CS350 INTR TO SOFTWARE ENGINEER REC     0       W  300- 500PM  
    15808     CS350 INTR TO SOFTWARE ENGINEER REC     0       W  300- 500PM  
    15809     CS350 INTR TO SOFTWARE ENGINEER REC     0       W  710- 910PM  
    15810     CS350 INTR TO SOFTWARE ENGINEER REC     0       W  710- 910PM  
    15811     CS350 INTR TO SOFTWARE ENGINEER REC     0       W  710- 910PM  
    16795     CS350 INTRO TO SOFTWARE ENGINEERING     3         HOURS ARR    
    16798     CS350 INTR TO SOFTWARE ENGINEER REC     0       W  300- 500PM  
    16803     CS350 INTR TO SOFTWARE ENGINEER REC     0       W  710- 910PM  
    23744     CS355 PRINCIP-PROGRAMMING LANGUAGES     3     MWF 1200-1250PM  
    10355     CS361 DATA STRUCTURES/ALGORITHMS        3     MWF  100- 150PM  
    24801     CS361 DATA STRUCTURES/ALGORITHMS        3     MWF  100- 150PM  
    20100     CS417 COMPUTATIONAL METH & SOFTWARE     3     MWF  200- 250PM  
    23750     CS417 COMPUTATIONAL METH & SOFTWARE     3     MWF  200- 250PM  
  22 sections
MUKKAMALA,R
    13848     CS463 CRYPTOGRAPHY FOR CYBERSECURITY    3         HOURS ARR    
    13849     CS463 CRYPTOGRAPHY FOR CYBERSECURITY    3         HOURS ARR    
    13850     CS463 CRYPTOGRAPHY FOR CYBERSECURITY    3         HOURS ARR    
    16845     CS463 CRYPTOGRAPHY FOR CYBERSECURITY    3         HOURS ARR    
    24631     CS463 CRYPTOGRAPHY FOR CYBERSECURITY    3         HOURS ARR    
    24632     CS463 CRYPTOGRAPHY FOR CYBERSECURITY    3         HOURS ARR    
    13851     CS563 CRYPTOGRAPHY FOR CYBERSECURITY    3         HOURS ARR    
    15422     CS563 CRYPTOGRAPHY FOR CYBERSECURITY    3         HOURS ARR    
    15423     CS563 CRYPTOGRAPHY FOR CYBERSECURITY    3         HOURS ARR    
    17413     CS563 CRYPTOGRAPHY FOR CYBERSECURITY    3         HOURS ARR    
    17685     CS597 INDP STUDY IN COMPUTER SCIENCE    3         HOURS ARR    
    24733     CS610 FOUNDATIONS OF CYBERSECURITY      3       W 1200- 430PM  
    17663     CS697 INDEPENDENT STUDY IN C S          3         HOURS ARR    
    13057     CS699 THESIS RESEARCH                   3         HOURS ARR    
    17646     CS699 THESIS RESEARCH                   3         HOURS ARR    
    17947     CS791 GRADUATE SEMINAR                  3         HOURS ARR    
    17948     CS891 GRADUATE SEMINAR                  3         HOURS ARR    
    10238     CS899 DOCTORAL DISSERTATION             6         HOURS ARR    
    11821     CS899 DOCTORAL DISSERTATION             3         HOURS ARR    
    15984     CS899 DOCTORAL DISSERTATION             1         HOURS ARR    
  20 sections
NELSON,M
    20657     CS699 THESIS RESEARCH                   3         HOURS ARR    
    21725     CS795 TPCS: WEB ARCHIVING FORENSICS     3       R  420- 700PM  
    24402     CS795 TPCS: WEB ARCHIVING FORENSICS     3       R  420- 700PM  
    24600     CS795 TPCS: WEB ARCHIVING FORENSICS     3       R  420- 700PM  
    21726     CS895 TPCS: WEB ARCHIVING FORENSICS     3       R  420- 700PM  
    24403     CS895 TPCS: WEB ARCHIVING FORENSICS     3       R  420- 700PM  
    24601     CS895 TPCS: WEB ARCHIVING FORENSICS     3       R  420- 700PM  
    10232     CS899 DOCTORAL DISSERTATION             3         HOURS ARR    
    10237     CS899 DOCTORAL DISSERTATION             6         HOURS ARR    
    11819     CS899 DOCTORAL DISSERTATION             1         HOURS ARR    
  10 sections
OLARIU,S
    13791    CS300T COMPUTERS IN SOCIETY              3         HOURS ARR    
    13792    CS300T COMPUTERS IN SOCIETY              3         HOURS ARR    
    13793    CS300T COMPUTERS IN SOCIETY              3         HOURS ARR    
    16744    CS300T COMPUTERS IN SOCIETY              3         HOURS ARR    
    22718     CS665 COMPUTER ARCHITECTURE             3         HOURS ARR    
    22719     CS665 COMPUTER ARCHITECTURE             3         HOURS ARR    
    22720     CS665 COMPUTER ARCHITECTURE             3         HOURS ARR    
    10599     CS697 INDEPENDENT STUDY IN C S          2         HOURS ARR    
    21542     CS776 ARCH SUPPORT FOR CLOUD COMP       3         HOURS ARR    
    21543     CS776 ARCH SUPPORT FOR CLOUD COMP       3         HOURS ARR    
    21544     CS776 ARCH SUPPORT FOR CLOUD COMP       3         HOURS ARR    
    21545     CS776 ARCH SUPPORT FOR CLOUD COMP       3         HOURS ARR    
    17949     CS791 GRADUATE SEMINAR                  3         HOURS ARR    
    21546     CS876 ARCH SUPPORT FOR CLOUD COMP       3         HOURS ARR    
    21547     CS876 ARCH SUPPORT FOR CLOUD COMP       3         HOURS ARR    
    21548     CS876 ARCH SUPPORT FOR CLOUD COMP       3         HOURS ARR    
    10230     CS891 GRADUATE SEMINAR                  3         HOURS ARR    
    20788     CS896 TPCS:SMART CITI IN THE IOT ERA    3         HOURS ARR    
    10233     CS899 DOCTORAL DISSERTATION             3         HOURS ARR    
    15896     CS899 DOCTORAL DISSERTATION             6         HOURS ARR    
    18815     CS899 DOCTORAL DISSERTATION             1         HOURS ARR    
  21 sections
POURSARDAR,F
    10254     CS150 PROBLEM SOLVING & PRGMNG I        4      TR  420- 535PM  
    23632     CS150 PROBLEM SOLVING & PRGMNG I        4      TR  420- 535PM  
    24825     CS150 PROBLEM SOLVING & PRGMNG I        4      TR  420- 535PM  
    10245     CS250 PROBLEM SOLVING & PROGRMNG II     4      TR  800- 915AM  
    12022     CS250 PROBLEM SOLVING & PROGRMNG II     4      TR  930-1045AM  
    23731     CS250 PROBLEM SOLVING & PROGRMNG II     4      TR  800- 915AM  
    23739     CS250 PROBLEM SOLVING & PROGRMNG II     4       S  930-1200PM  
  7 sections
PRICE,G
    21466     CS355 PRINCIP-PROGRAMMING LANGUAGES     3      MW  930-1045AM  
    21469     CS355 PRINCIP-PROGRAMMING LANGUAGES     3      MW  930-1045AM  
    21474     CS355 PRINCIP-PROGRAMMING LANGUAGES     3      MW  930-1045AM  
    21476     CS355 PRINCIP-PROGRAMMING LANGUAGES     3      MW  930-1045AM  
    12391     CS410 PROF WORKFORCE DEV 1 (LECT)       3         HOURS ARR    
    12392     CS410 PROF WORKFORCE DEV I (REC)        0       W  100- 250PM  
    23746     CS410 PROF WORKFORCE DEV 1 (LECT)       3         HOURS ARR    
    23747     CS410 PROF WORKFORCE DEV I (REC)        0       W  100- 250PM  
    14085    CS411W PROFESSIONAL WORKFORCE DEV II     3         HOURS ARR    
    14086    CS411W PROFESSIONAL WRKFRC DEV II REC    0       W  300- 450PM  
    23748    CS411W PROFESSIONAL WORKFORCE DEV II     3         HOURS ARR    
    23749    CS411W PROFESSIONAL WRKFRC DEV II REC    0       W  300- 450PM  
    10395     CS460 COMPUTER GRAPHICS                 3     MWF 1100-1150AM  
    23751     CS460 COMPUTER GRAPHICS                 3     MWF 1100-1150AM  
  14 sections
RANJAN,D
    10244     CS390 INTRO-THEORETICAL COMPUTER SCI    3     MWF 1000-1050AM  
    20241     CS390 INTRO-THEORETICAL COMPUTER SCI    3         HOURS ARR    
    20242     CS390 INTRO-THEORETICAL COMPUTER SCI    3         HOURS ARR    
    20243     CS390 INTRO-THEORETICAL COMPUTER SCI    3         HOURS ARR    
    23745     CS390 INTRO-THEORETICAL COMPUTER SCI    3     MWF 1000-1050AM  
    10239     CS899 DOCTORAL DISSERTATION             6         HOURS ARR    
    12696     CS899 DOCTORAL DISSERTATION             3         HOURS ARR    
    23368     CS899 DOCTORAL DISSERTATION             1         HOURS ARR    
  8 sections
RUNYAN,D
    22697     CS464 NETWORKED SYSTEMS SECURITY        3         HOURS ARR    
    24635     CS464 NETWORKED SYSTEMS SECURITY        3         HOURS ARR    
    24636     CS464 NETWORKED SYSTEMS SECURITY        3         HOURS ARR    
    22699     CS564 NETWORKED SYSTEMS SECURITY        3         HOURS ARR    
    22700     CS564 NETWORKED SYSTEMS SECURITY        3         HOURS ARR    
    22701     CS564 NETWORKED SYSTEMS SECURITY        3         HOURS ARR    
  6 sections
STAFF
    13657    CS121G INTRO INFO LIT & RSCH REC (D)     0       M 1200-1250PM  
    13661    CS121G INTRO INFO LIT & RSCH REC (D)     0       M 1200-1250PM  
    13666    CS121G INTRO INFO LIT & RSCH REC (D)     0       W 1200-1250PM  
    13668    CS121G INTRO INFO LIT & RSCH REC (D)     0       W 1200-1250PM  
    15892     CS129 TCCK-PBLM SOLVING & PRGMNG I      4         HOURS ARR    
    18918     CS129 TNCC-INTRO TO COMPUTER SCIENCE    3         HOURS ARR    
    20679     CS129 TCCV-C++ PROGRAMMING I            4         HOURS ARR    
    20827     CS229 TNCC-PROBLEM SOLVING &PRGM        4         HOURS ARR    
    17954     CS791 GRADUATE SEMINAR                  3         HOURS ARR    
    23925     CS795 TPCS:MINING SCHOLARLY BIG DATA    3         HOURS ARR    
    23926     CS795 TPCS:MINING SCHOLARLY BIG DATA    3         HOURS ARR    
    24117     CS795 TPCS:MOBILE SENSING-SMART CITI    3       T  420- 700PM  
    17955     CS891 GRAD SEM: IN MOLECULAR IMAGES     3         HOURS ARR    
    24118     CS895 TPCS:MOBILE SENSING-SMART CITI    3       T  420- 700PM  
    17935     CS899 DOCTORAL DISSERTATION             1         HOURS ARR    
  15 sections
SUN,J
    16003     CS361 DATA STRUCTURES/ALGORITHMS        3         HOURS ARR    
    16004     CS361 DATA STRUCTURES/ALGORITHMS        3         HOURS ARR    
    16005     CS361 DATA STRUCTURES/ALGORITHMS        3         HOURS ARR    
    18592     CS722 MACHINE LEARNING                  3      MW  300- 415PM  
    23882     CS722 MACHINE LEARNING                  3      MW  300- 415PM  
    18921     CS791 GRADUATE SEMINAR                  3         HOURS ARR    
    18593     CS822 MACHINE LEARNING                  3      MW  300- 415PM  
    23886     CS822 MACHINE LEARNING                  3      MW  300- 415PM  
    18922     CS891 GRADUATE SEMINAR                  3         HOURS ARR    
    20094     CS899 DOCTORAL DISSERTATION             3         HOURS ARR    
    22686     CS899 DOCTORAL DISSERTATION             3         HOURS ARR    
    22687     CS899 DOCTORAL DISSERTATION             6         HOURS ARR    
  12 sections
SYMPSON,W
    13598    CS120G INTRO INFO LITERACY & RSCH (B)    3         HOURS ARR    
    13602    CS120G INTRO INFO LITERACY & RSCH (B)    3         HOURS ARR    
    13603    CS120G INTRO INFO LIT & RSCH REC (B)     0       T  710- 800PM  
    13605    CS120G INTRO INFO LIT & RSCH REC (B)     0       T  710- 800PM  
    13606    CS120G INTRO INFO LIT & RSCH REC (B)     0       W  710- 800PM  
    13608    CS120G INTRO INFO LIT & RSCH REC (B)     0       W  710- 800PM  
    13648    CS121G INTRO INFO LIT & RSCH SCI (D)     3         HOURS ARR    
    13654    CS121G INTRO INFO LIT & RSCH SCI (D)     3         HOURS ARR    
  8 sections
TAMHANE,A
    16842     CS462 CYBERSECURITY FUNDAMENTALS        3         HOURS ARR    
  1 sections
WANG,C
    22695     CS464 NETWORKED SYSTEMS SECURITY        3         HOURS ARR    
    22696     CS464 NETWORKED SYSTEMS SECURITY        3         HOURS ARR    
    19748     CS467 INTRO REVERSE SOFTWARE ENGIN      3      MW  420- 535PM  
    19749     CS567 INTRO REVERSE SOFTWARE ENGIN      3      MW  420- 535PM  
    17722     CS699 THESIS RESEARCH                   3         HOURS ARR    
    17952     CS791 GRADUATE SEMINAR                  3         HOURS ARR    
    17039     CS795 TPCS:MALWARE ANALY& RVRS ENG      3         HOURS ARR    
    17040     CS795 TPCS:MALWARE ANALY& RVRS ENG      3         HOURS ARR    
    17041     CS795 TPCS:MALWARE ANALY& RVRS ENG      3         HOURS ARR    
    17046     CS795 TPC:MALWARE ANALY& REVERSE ENG    3         HOURS ARR    
    17953     CS891 GRAD SEM: IN MOLECULAR IMAGES     3         HOURS ARR    
    17042     CS895 TPCS:MALWARE ANALY& RVRS ENG      3         HOURS ARR    
    17043     CS895 TPC:MALWARE ANALY& REVERSE ENG    3         HOURS ARR    
    17044     CS895 TPC:MALWARE ANALY& REVERSE ENG    3         HOURS ARR    
    17045     CS895 TPC:MALWARE ANALY& REVERSE ENG    3         HOURS ARR    
    17936     CS899 DOCTORAL DISSERTATION             3         HOURS ARR    
    17937     CS899 DOCTORAL DISSERTATION             1         HOURS ARR    
  17 sections
WANG,F
    16804     CS361 DATA STRUCTURES/ALGORITHMS        3         HOURS ARR    
    17444     CS361 DATA STRUCTURES/ALGORITHMS        3         HOURS ARR    
    17445     CS361 DATA STRUCTURES/ALGORITHMS        3         HOURS ARR    
    17627     CS361 DATA STRUCTURES/ALGORITHMS        3         HOURS ARR    
    17934     CS899 DOCTORAL DISSERTATION             3         HOURS ARR    
  5 sections
WEIGLE,M
    16490     CS312 INTERNET CONCEPTS                 3      TR 1100-1215PM  
    16491     CS312 INTERNET CONCEPTS                 3      TR 1100-1215PM  
    16492     CS312 INTERNET CONCEPTS                 3      TR 1100-1215PM  
    16493     CS312 INTERNET CONCEPTS                 3      TR 1100-1215PM  
    16494     CS312 INTERNET CONCEPTS                 3      TR 1100-1215PM  
    16786     CS312 INTERNET CONCEPTS                 3      TR 1100-1215PM  
    22005     CS432 WEB SCIENCE                       3         HOURS ARR    
    22006     CS432 WEB SCIENCE                       3         HOURS ARR    
    22007     CS432 WEB SCIENCE                       3         HOURS ARR    
    22012     CS432 WEB SCIENCE                       3         HOURS ARR    
    22008     CS532 WEB SCIENCE                       3         HOURS ARR    
    22009     CS532 WEB SCIENCE                       3         HOURS ARR    
    22010     CS532 WEB SCIENCE                       3         HOURS ARR    
    22011     CS532 WEB SCIENCE                       3         HOURS ARR    
    19793     CS625 DATA VISUALIZATION                3      TR  930-1045AM  
    19796     CS625 DATA VISUALIZATION                3      TR  930-1045AM  
    19797     CS625 DATA VISUALIZATION                3      TR  930-1045AM  
    19798     CS625 DATA VISUALIZATION                3      TR  930-1045AM  
    20035     CS625 DATA VISUALIZATION                3      TR  930-1045AM  
    11156     CS697 INDEPENDENT STUDY IN C S          3         HOURS ARR    
    16922     CS698 MASTER'S PROJECT                  3         HOURS ARR    
    16923     CS699 THESIS RESEARCH                   3         HOURS ARR    
    17950     CS791 GRADUATE SEMINAR                  3         HOURS ARR    
    17951     CS891 GRADUATE SEMINAR                  3         HOURS ARR    
    11157     CS896 TPCS: APPLIED VISUALIZATION       3         HOURS ARR    
    11158     CS899 DOCTORAL DISSERTATION             3         HOURS ARR    
    11159     CS899 DOCTORAL DISSERTATION             6         HOURS ARR    
    17616     CS899 DOCTORAL DISSERTATION             1         HOURS ARR    
  28 sections
WU,J
    13226     CS418 WEB PROGRAMMING                   3      TR  130- 245PM  
    23607     CS418 WEB PROGRAMMING                   3      TR  130- 245PM  
    13227     CS518 WEB PROGRAMMING                   3      TR  130- 245PM  
    23608     CS518 WEB PROGRAMMING                   3      TR  130- 245PM  
    21727     CS795 TPCS:MINING SCHOLARLY BIG DATA    3      MW  930-1045AM  
    21728     CS895 TPCS:MINING SCHOLARLY BIG DATA    3      MW  930-1045AM  
    20093     CS899 DOCTORAL DISSERTATION             3         HOURS ARR    
    24818     CS899 DOCTORAL DISSERTATION             6         HOURS ARR    
  8 sections
ZEHRA,S
    11592    CS120G INTRO INFO LITERACY & RESEARCH    3      MW  420- 535PM  
    11595    CS120G INTRO INFORMATION LIT RECITATI    0       M  300- 350PM  
    11762    CS120G INTRO INFORMATION LIT RECITATI    0       T  420- 510PM  
    18910    CS120G INTRO INFO LITERACY & RESEARCH    3         HOURS ARR    
    18911    CS120G INTRO INFO LITERACY & RESEARCH    3         HOURS ARR    
    18912    CS120G INTRO INFO LITERACY & RESEARCH    3         HOURS ARR    
    18914    CS120G INTRO INFO LIT & RSCH REC (C)     0       W  545- 635PM  
    18915    CS120G INTRO INFO LIT & RSCH REC (C)     0       W  545- 635PM  
    18916    CS120G INTRO INFO LIT & RSCH REC (C)     0       W  545- 635PM  
    18917    CS120G INTRO INFO LIT & RSCH REC (C)     0       F  900- 950AM  
    18920    CS120G INTRO INFO LIT & RSCH REC (C)     0       F  900- 950AM  
    11400     CS270 INTRO COMPUTER ARCHITECTURE II    3     MWF  900- 950AM  
    23742     CS270 INTRO COMPUTER ARCHITECTURE II    3     MWF  900- 950AM  
    15988     CS462 CYBERSECURITY FUNDAMENTALS        3         HOURS ARR    
    15989     CS462 CYBERSECURITY FUNDAMENTALS        3         HOURS ARR    
    15990     CS462 CYBERSECURITY FUNDAMENTALS        3         HOURS ARR    
    21949     CS462 CYBERSECURITY FUNDAMENTALS        3         HOURS ARR    
    21951     CS462 CYBERSECURITY FUNDAMENTALS        3         HOURS ARR    
    21954     CS462 CYBERSECURITY FUNDAMENTALS        3         HOURS ARR    
    21956     CS462 CYBERSECURITY FUNDAMENTALS        3         HOURS ARR    
    24629     CS462 CYBERSECURITY FUNDAMENTALS        3         HOURS ARR    
    24630     CS462 CYBERSECURITY FUNDAMENTALS        3         HOURS ARR    
    15421     CS562 CYBERSECURITY FUNDAMENTALS        3         HOURS ARR    
    17412     CS562 CYBERSECURITY FUNDAMENTALS        3         HOURS ARR    
    21961     CS562 CYBERSECURITY FUNDAMENTALS        3         HOURS ARR    
    21964     CS562 CYBERSECURITY FUNDAMENTALS        3         HOURS ARR    
  26 sections
ZEIL,S
    13785     CS252 INTRO TO UNIX FOR PROGRAMMERS     1         HOURS ARR    
    13786     CS252 INTRO TO UNIX FOR PROGRAMMERS     1         HOURS ARR    
    13787     CS252 INTRO TO UNIX FOR PROGRAMMERS     1         HOURS ARR    
    16781     CS252 INTRO TO UNIX FOR PROGRAMMERS     1         HOURS ARR    
    14084     CS350 INTRO TO SOFTWARE ENGINEERING     3     MWF  200- 250PM  
    17931     CS350 INTR TO SOFTWARE ENGINEER REC     0       T  710- 910PM  
    17932     CS350 INTRO TO SOFTWARE ENGINEERING     0       T  300- 500PM  
    23586     CS350 INTRO TO SOFTWARE ENGINEERING     3     MWF  200- 250PM  
    23587     CS350 INTR TO SOFTWARE ENGINEER REC     0       T  710- 910PM  
    23588     CS350 INTRO TO SOFTWARE ENGINEERING     0       T  300- 500PM  
    13867     CS382 INTRODUCTION TO JAVA              1         HOURS ARR    
    13869     CS382 INTRODUCTION TO JAVA              1         HOURS ARR    
    13871     CS382 INTRODUCTION TO JAVA              1         HOURS ARR    
    16822     CS382 INTRODUCTION TO JAVA              1         HOURS ARR    
    12758     CS690 COLLOQUIUM                        1       F 1030-1150AM  
    17438     CS690 COLLOQUIUM                        1         HOURS ARR    
    17439     CS690 COLLOQUIUM                        1         HOURS ARR    
    17440     CS690 COLLOQUIUM                        1         HOURS ARR    
    17441     CS690 COLLOQUIUM                        1         HOURS ARR    
    21722     CS795 TPCS:DEVOPS,CONTAINERS & CLOUD    3      MW 1100-1215PM  
    21723     CS895 TPCS:DEVOPS,CONTAINERS & CLOUD    3      MW 1100-1215PM  
  21 sections
ZHAO,D
    15408     CS334 COMPUTER ARCHITECTURE FNDMNTLS    4       F  100- 215PM  
    15409     CS334 COMPUTER ARCHITECTURE FNDMNTLS    4       F  100- 215PM  
    15410     CS334 COMPUTER ARCHITECTURE FNDMNTLS    4       F  100- 215PM  
    16794     CS334 COMPUTER ARCHITECTURE FNDMNTLS    4       F  100- 215PM  
    10242     CS667 COOPERATIVE EDUCATION             1         HOURS ARR    
    10598     CS697 INDEPENDENT STUDY IN C S          3         HOURS ARR    
    17511     CS698 MASTER'S PROJECT                  3         HOURS ARR    
    17660     CS699 THESIS RESEARCH                   3         HOURS ARR    
    17512     CS791 GRADUATE SEM: IOT SECURITY        3         HOURS ARR    
    24541     CS795 TPCS: IOT SECURITY                3      TR  910-1045AM  
    24711     CS795 TPCS: IOT SECURITY                3      TR  910-1045AM  
    17513     CS891 GRADUATE SEM: IOT SECURITY        3         HOURS ARR    
    24543     CS895 TPCS: IOT SECURITY                3      TR  910-1045AM  
    24712     CS895 TPCS: IOT SECURITY                3      TR  910-1045AM  
    15895     CS899 DOCTORAL DISSERTATION             3         HOURS ARR    
    18985     CS899 DOCTORAL DISSERTATION             6         HOURS ARR    
    20744     CS899 DOCTORAL DISSERTATION             1         HOURS ARR    
  17 sections
ZUBAIR,M
    17657     CS698 MASTER'S PROJECT                  3         HOURS ARR    
    18813     CS791 GRADUATE SEMINAR                  3         HOURS ARR    
    18814     CS891 GRADUATE SEMINAR                  3         HOURS ARR    
    10234     CS899 DOCTORAL DISSERTATION             3         HOURS ARR    
  4 sections
